ReleaseData { msi: "https://github.com/ahqsoftwares/tauri-ahq-store/releases/download/alpha-1715444944344/AHQ.Store_1.4.1_x64_en-US.msi", service: "https://github.com/ahqsoftwares/tauri-ahq-store/releases/download/alpha-1715444944344/ahqstore_service.exe", deb: "https://github.com/ahqsoftwares/tauri-ahq-store/releases/download/alpha-1715444944344/ahq-store_1.4.1_amd64.deb", app_image: "https://github.com/ahqsoftwares/tauri-ahq-store/releases/download/alpha-1715444944344/ahq-store_1.4.1_amd64.AppImage", vc: "https://aka.ms/vs/17/release/vc_redist.x64.exe" }
(Reading database ... 195937 files and directories currently installed.)
Preparing to unpack .../home/ahqsoftwares/ahqstore.deb ...
Unpacking ahq-store (1.4.1) over (1.4.1) ...
Setting up ahq-store (1.4.1) ...
Processing triggers for kali-menu (2023.4.7) ...
Processing triggers for gnome-menus (3.36.0-1.1+b1) ...
Processing triggers for desktop-file-utils (0.27-1) ...
Processing triggers for mailcap (3.70+nmu1) ...
Processing triggers for hicolor-icon-theme (0.17-2) ...
